{
  "Data": {},
  "Description": null,
  "Exception": null,
  "Status": "Healthy"
}
