{
  "Status": "Unhealthy",
  "Description": "A general error has occurred.",
  "Data": {},
  "Exception": {
    "Message": "Splash!"
  }
}
